Chair professor
Emeritus professor
Emeritus Professor
Honorary professor
Honorary Professor
Technical Staff
Associate Chair
Chair
Administrative & Financial Assistant
Financial Assistant
Graduate Program Administrator
Administrator
Departmental Assistant
Associate Chair
Vice Chair
Special Projects Coordinator
Director
Professor
professor
Associate professor
Associate Professor
Assistant professor
Assistant Professor
Lecturer
lecturer
Research assistant
Research Assistant
Adjunct professor
Adjunct Professor
teaching assistant
Teaching Assistant
Teaching assistant
Chancellor
Vice-chancellor
president
President
Deputy
Director
Dean
vice-chancellor
vice chancellor
Registrar
Deputy Registrar
Dean of Faculties
Head of Departments
Undergraduate Program Director
Graduate Program Director
Coordinator
instructor
Instructor
Excecutive Director
Staff lawyer
Technician
Program Secretary
Office Assistant
Teaching Fellow
Program Assistant
Staff Casual
Department Administrator
Advisor
Program Assistant
Office Assistant
Office Casual
Affiliate Professor
Director
Affiliate Assistant Professor

