California Institute of Technology
Harvard University
Stanford University
Princeton University
Massachusetts Institute of Technology
University of Chicago
University of California, Berkeley
Yale University
Columbia University
University of California, Los Angeles
Johns Hopkins University
University of Pennsylvania
University of Michigan
University of Toronto
Cornell University
Carnegie Mellon University
University of British Columbia
Duke University
Georgia Institute of Technology
University of Washington
Northwestern University
University of Wisconsin-Madison
McGill University
University of Texas at Austin
University of Illinois at Urbana Champaign
University of California, San Diego
University of California, Santa Barbara
University of California, Davis
Washington University in St Louis
University of Minnesota
University of North Carolina at Chapel Hill
New York University
Brown University
Pennsylvania State University
Boston University
University of Southern California
Ohio State University
University of Pittsburgh
University of Massachusetts
McMaster University
Vanderbilt University
Rice University
Emory University
University of Colorado Boulder
Tufts University
University of Rochester
Rutgers, The State University of New Jersey
University of California, Irvine
University of Notre Dame
Dartmouth College
Case Western Reserve University
University of Maryland, College Park
Michigan State University
University of Arizona
Purdue University
University of Alberta
University of Montreal
University of California, Santa Cruz
University of Utah
Stony Brook University
Indiana University
University of Florida
Arizona State University
George Washington University
University of Virginia
Georgetown University
University of Iowa
University of California, Riverside
Rensselaer Polytechnic Institute
William & Mary
Brandeis University
Yeshiva University
Medical University of South Carolina
Wake Forest University
Texas A&M University
University of Illinois at Chicago
University of Miami
Queen's University
University of Victoria
University of Delaware
Iowa State University
University of Ottawa
Boston College
Georgia Health Sciences University
University at Buffalo
University of Cincinnati
Colorado School of Mines
University of Georgia
University of Medicine and Dentistry of New Jersey
Northeastern University
University of South Carolina
Tulane University
University of Waterloo
Western University
University of Calgary
Carleton University
Colorado State University
Creighton University
Dalhousie University
Drexel University
University of Missouri
Simon Fraser University
State University of New York Albany - University at Albany
University of Hawaii
The University of Texas at Dallas
Virginia Polytechnic Institute and State University
Wayne State University
University of Guelph
University of Kansas
University of Kentucky
The University of Texas at San Antonio
York University
Binghamton University
George Mason University
University of Houston
Kent State University
Lehigh University
University of Manitoba
University of Maryland
University of Oklahoma
University of South Florida
Washington State University
Auburn University
Clemson University
Georgia State University
University of Idaho
Kansas State University
Michigan Technological University
New Jersey Institute of Technology
Old Dominion University
University of Wyoming
University of Toronto
University of British Columbia
University of Alberta
Simon Fraser University
McGill University
University of Waterloo
York University
Queen's University
University of Calgary
University of Victoria
Université du Québec à Montréal
Université de Montréal
Université Laval
The University of Western Ontario
McMaster University
University of Ottawa
Carleton University
University of Guelph
Concordia University
University of Manitoba
Dalhousie University
University of Saskatchewan
Ryerson University
Memorial University of Newfoundland
University of Regina
Brock University
École Polytechnique de Montréal
University of New Brunswick
Université de Sherbrooke
University of Windsor
University of Winnipeg
Université du Québec
University of Lethbridge
British Columbia Institute of Technology
HEC Montréal
Wilfrid Laurier University
Université du Québec à Chicoutimi
Lakehead University
Trent University
Thompson Rivers University
Acadia University
Université de Moncton
University of Northern British Columbia
École de Technologie Supérieure
Royal Roads University
Laurentian University
University of Ontario Institute of Technology
University of Prince Edward Island
St.Francis Xavier University
University of the Fraser Valley
Capilano University
Bishop's University
Vancouver Island University
Université du Québec à Trois-Rivières
Université du Québec en Outaouais
Emily Carr University of Art and Design
OCAD University
Mount Allison University
Northern Alberta Institute of Technology
Mount Royal University
SAIT Polytechnic
Saint Mary's University
Nipissing University
Trinity Western University
Université du Québec à Rimouski
Grant MacEwan University
Kwantlen Polytechnic University
Brandon University
Mount Saint Vincent University
Campion College at the University of Regina
Cape Breton University
NSCAD University
St. Thomas University
École Nationale d'Administration Publique
University of King's College
Redeemer University College
Université Sainte-Anne
Ambrose University College
Luther College
St. Thomas More College
Nicola Valley Institute of Technology
First Nations University of Canada
Canadian Mennonite University
Concordia University College of Alberta
Yorkville University
College of the North Atlantic
Canadian University College
Aurora College
Crandall University
The King's University College
Kingswood University
St. Stephen's University
St. Mary's University College
